ash
lex.yy.c
main.c
parser.tab.c
parser.tab.h
parser.y
run-tests.sh
semantic
tests
tokens.l
